----- ./*.rb -----------------------------------------------------------
No errors! Great job.
{
 "files": [
  {
   "path": "./compiled-false.rb",
   "strict": "False",
   "min_error_level": "Max"
  },
  {
   "path": "./compiled-none.rb",
   "strict": "False",
   "min_error_level": "Max"
  },
  {
   "path": "./compiled-true.rb",
   "sigil": "True",
   "strict": "True",
   "min_error_level": "Max"
  }
 ]
}
----- --dir=. ----------------------------------------------------------
No errors! Great job.
{
 "files": [
  {
   "path": "./compiled-false.rb",
   "strict": "False",
   "min_error_level": "Max"
  },
  {
   "path": "./compiled-none.rb",
   "strict": "False",
   "min_error_level": "Max"
  },
  {
   "path": "./compiled-true.rb",
   "sigil": "True",
   "strict": "True",
   "min_error_level": "Max"
  }
 ]
}
----- *.rb -------------------------------------------------------------
No errors! Great job.
{
 "files": [
  {
   "path": "compiled-false.rb",
   "strict": "False",
   "min_error_level": "Max"
  },
  {
   "path": "compiled-none.rb",
   "strict": "False",
   "min_error_level": "Max"
  },
  {
   "path": "compiled-true.rb",
   "sigil": "True",
   "strict": "True",
   "min_error_level": "Max"
  }
 ]
}
